--- Testing Expiration Logic ---
Token expired? Yes (Expected: Yes)
Token expired? No (Expected: No)

--- Testing TokenGuard Expiration Check ---

--- Testing User Scopes (Abilities) ---
php : PHP Fatal 
error:  Uncaught BadM
ethodCallException: 
Call to undefined 
method Nano\Framework
\Models\User::withAcc
essToken() in D:\gith
ub\framwork\vendor\il
luminate\support\Trai
ts\ForwardsCalls.php:
67
At line:1 char:1
+ php tests/verify_ph
ase4.php > 
test_output.txt 2>&1
+ ~~~~~~~~~~~~~~~~~~~
~~~~~~~~~~~~~~~~~~~~~
~~~~~~~~~~
    + CategoryInfo   
           : NotSpe  
  cified: (PHP Fat   
 al error...rdsCa    
lls.php:67:Strin    
g) [], RemoteExc    
eption
    + FullyQualified 
   ErrorId : Native  
  CommandError
 
Stack trace:
#0 D:\github\framwork
\vendor\illuminate\su
pport\Traits\Forwards
Calls.php(36): Illumi
nate\Database\Eloquen
t\Model::throwBadMeth
odCallException()
#1 D:\github\framwork
\vendor\illuminate\da
tabase\Eloquent\Model
.php(2540): Illuminat
e\Database\Eloquent\M
odel->forwardCallTo()
#2 D:\github\framwork
\tests\verify_phase4.
php(53): Illuminate\D
atabase\Eloquent\Mode
l->__call()
#3 {main}
  thrown in D:\github
\framwork\vendor\illu
minate\support\Traits
\ForwardsCalls.php 
on line 67
